npx : 
At line:1 char:1
+ npx vite build 2>&1 
> D:\oratio\build_outp
ut.txt; echo "Exit 
code: $L ...
+ ~~~~~~~~~~~~~~~~~~~~
~~~~~~~~~~~~~~~~~~~~~~
~~~~~~
    + CategoryInfo    
          : NotSpeci  
  fied: (:String) [   
 ], RemoteExceptio    
n
    + FullyQualifiedE 
   rrorId : NativeCo  
  mmandError
 
[36mvite v4.5.14 [32mbuilding SSR bundle for production...[36m[39m
transforming...
18:21:41 
[vite-plugin-svelte] D
:/oratio/src/routes/ad
min/import/+page.svelt
e:113:4 A11y: A form 
label must be 
associated with a 
control.
111:       <h3 
class="card-title 
mb-4">1. Pilih Tabel 
& Upload File</h3>
112:       <div 
class="form-group 
mb-4">
113:         <label cl
ass="form-label">Tabel
 Tujuan</label>
             ^
114:         <select 
class="form-select" bi
nd:value={selectedTabl
e}>
115:           
<option value="">-- 
Pilih Tabel 
--</option>
18:21:41 
[vite-plugin-svelte] D
:/oratio/src/routes/ad
min/[table]/+page.svel
te:168:5 A11y: A form 
label must be 
associated with a 
control.
166:       {#if 
col.key !== 'id' || 
modalMode === 'edit'}
167:         <div 
class="form-group">
168:           <label 
class="form-label">{co
l.label}</label>
               ^
169:           {#if 
col.key === 'id'}
170:             
<input 
class="form-input" val
ue={editRecord[col.key
] || ''} disabled />
18:21:41 
[vite-plugin-svelte] D
:/oratio/src/routes/ad
min/[table]/+page.svel
te:187:4 A11y: A form 
label must be 
associated with a 
control.
185:     {#if 
tableName === 'users' 
&& modalMode === 
'create'}
186:       <div 
class="form-group">
187:         <label cl
ass="form-label">Passw
ord</label>
             ^
188:         <input 
type="password" 
class="form-input" bin
d:value={editRecord.pa
ssword} 
placeholder="Set 
password" />
189:       </div>
18:21:41 
[vite-plugin-svelte] D
:/oratio/src/routes/do
kter/[encounterId]/+pa
ge.svelte:249:6 A11y: 
A form label must be 
associated with a 
control.
247:           <h3 
class="card-title 
mb-4">≡ƒô¥ SOAP 
Notes</h3>
248:           <div 
class="form-group 
mb-4">
249:             
<label class="form-lab
el">Subjective</label>
                 ^
250:             
<textarea 
class="form-textarea" 
bind:value={subjective
} rows="3" 
placeholder="Keluhan 
pasien..."></textarea>
251:           </div>
18:21:41 
[vite-plugin-svelte] D
:/oratio/src/routes/do
kter/[encounterId]/+pa
ge.svelte:253:6 A11y: 
A form label must be 
associated with a 
control.
251:           </div>
252:           <div 
class="form-group 
mb-4">
253:             
<label class="form-lab
el">Objective</label>
                 ^
254:             
<textarea 
class="form-textarea" 
bind:value={objective}
 rows="3" 
placeholder="Temuan pe
meriksaan..."></textar
ea>
255:           </div>
18:21:41 
[vite-plugin-svelte] D
:/oratio/src/routes/do
kter/[encounterId]/+pa
ge.svelte:257:6 A11y: 
A form label must be 
associated with a 
control.
255:           </div>
256:           <div 
class="form-group 
mb-4">
257:             
<label class="form-lab
el">Tekanan 
Darah</label>
                 ^
258:             
<input 
class="form-input" 
style="max-width: 
200px;" bind:value={te
kananDarah} 
placeholder="120/80" 
/>
259:           </div>
18:21:41 
[vite-plugin-svelte] D
:/oratio/src/routes/do
kter/[encounterId]/+pa
ge.svelte:261:6 A11y: 
A form label must be 
associated with a 
control.
259:           </div>
260:           <div 
class="form-group 
mb-4">
261:             
<label class="form-lab
el">Assessment</label>
                 ^
262:             
<textarea 
class="form-textarea" 
bind:value={assessment
} rows="3" placeholder
="Penilaian/diagnosis.
.."></textarea>
263:           </div>
18:21:41 
[vite-plugin-svelte] D
:/oratio/src/routes/do
kter/[encounterId]/+pa
ge.svelte:265:6 A11y: 
A form label must be 
associated with a 
control.
263:           </div>
264:           <div 
class="form-group">
265:             
<label class="form-lab
el">Plan</label>
                 ^
266:             
<textarea 
class="form-textarea" 
bind:value={plan} 
rows="3" 
placeholder="Rencana t
indakan/pengobatan..."
></textarea>
267:           </div>
18:21:41 
[vite-plugin-svelte] D
:/oratio/src/routes/do
kter/[encounterId]/+pa
ge.svelte:280:9 A11y: 
visible, 
non-interactive 
elements with an 
on:click event must 
be accompanied by a 
keyboard event 
handler. Consider 
whether an 
interactive element 
such as <button 
type="button"> or <a> 
might be more 
appropriate. See https
://svelte.dev/docs/acc
essibility-warnings#a1
1y-click-events-have-k
ey-events for more 
details.
278:               
<div class="odontogram
-arch">
279:                 
{#each PERMANENT_TEETH
.upper_right as tooth}
280:                  
 <div 
class="tooth-wrapper" 
class:selected={select
edTeeth.has(tooth)} 
on:click={(e) => handl
eToothClick(tooth, 
e)}>
                      
 ^
281:                  
   <span class="tooth-
number">{tooth}</span>
282:                  
   <svg 
class="tooth-svg" 
viewBox="0 0 36 36">
18:21:41 
[vite-plugin-svelte] D
:/oratio/src/routes/do
kter/[encounterId]/+pa
ge.svelte:280:9 A11y: 
<div> with click 
handler must have an 
ARIA role
278:               
<div class="odontogram
-arch">
279:                 
{#each PERMANENT_TEETH
.upper_right as tooth}
280:                  
 <div 
class="tooth-wrapper" 
class:selected={select
edTeeth.has(tooth)} 
on:click={(e) => handl
eToothClick(tooth, 
e)}>
                      
 ^
281:                  
   <span class="tooth-
number">{tooth}</span>
282:                  
   <svg 
class="tooth-svg" 
viewBox="0 0 36 36">
18:21:41 
[vite-plugin-svelte] D
:/oratio/src/routes/do
kter/[encounterId]/+pa
ge.svelte:293:9 A11y: 
visible, 
non-interactive 
elements with an 
on:click event must 
be accompanied by a 
keyboard event 
handler. Consider 
whether an 
interactive element 
such as <button 
type="button"> or <a> 
might be more 
appropriate. See https
://svelte.dev/docs/acc
essibility-warnings#a1
1y-click-events-have-k
ey-events for more 
details.
291:                 
<div style="width: 
2px; background: 
var(--gray-400); 
margin: 0 var(--space-
2);"></div>
292:                 
{#each PERMANENT_TEETH
.upper_left as tooth}
293:                  
 <div 
class="tooth-wrapper" 
class:selected={select
edTeeth.has(tooth)} 
on:click={(e) => handl
eToothClick(tooth, 
e)}>
                      
 ^
294:                  
   <span class="tooth-
number">{tooth}</span>
295:                  
   <svg 
class="tooth-svg" 
viewBox="0 0 36 36">
18:21:41 
[vite-plugin-svelte] D
:/oratio/src/routes/do
kter/[encounterId]/+pa
ge.svelte:293:9 A11y: 
<div> with click 
handler must have an 
ARIA role
291:                 
<div style="width: 
2px; background: 
var(--gray-400); 
margin: 0 var(--space-
2);"></div>
292:                 
{#each PERMANENT_TEETH
.upper_left as tooth}
293:                  
 <div 
class="tooth-wrapper" 
class:selected={select
edTeeth.has(tooth)} 
on:click={(e) => handl
eToothClick(tooth, 
e)}>
                      
 ^
294:                  
   <span class="tooth-
number">{tooth}</span>
295:                  
   <svg 
class="tooth-svg" 
viewBox="0 0 36 36">
18:21:41 
[vite-plugin-svelte] D
:/oratio/src/routes/do
kter/[encounterId]/+pa
ge.svelte:311:9 A11y: 
visible, 
non-interactive 
elements with an 
on:click event must 
be accompanied by a 
keyboard event 
handler. Consider 
whether an 
interactive element 
such as <button 
type="button"> or <a> 
might be more 
appropriate. See https
://svelte.dev/docs/acc
essibility-warnings#a1
1y-click-events-have-k
ey-events for more 
details.
309:               
<div class="odontogram
-arch lower">
310:                 
{#each PERMANENT_TEETH
.lower_right as tooth}
311:                  
 <div 
class="tooth-wrapper" 
class:selected={select
edTeeth.has(tooth)} 
on:click={(e) => handl
eToothClick(tooth, 
e)}>
                      
 ^
312:                  
   <svg 
class="tooth-svg" 
viewBox="0 0 36 36">
313:                  
     <polygon 
class="tooth-surface" 
class:filled={hasCondi
tion(tooth)} 
points="12,12 24,12 
18,2" />
18:21:41 
[vite-plugin-svelte] D
:/oratio/src/routes/do
kter/[encounterId]/+pa
ge.svelte:311:9 A11y: 
<div> with click 
handler must have an 
ARIA role
309:               
<div class="odontogram
-arch lower">
310:                 
{#each PERMANENT_TEETH
.lower_right as tooth}
311:                  
 <div 
class="tooth-wrapper" 
class:selected={select
edTeeth.has(tooth)} 
on:click={(e) => handl
eToothClick(tooth, 
e)}>
                      
 ^
312:                  
   <svg 
class="tooth-svg" 
viewBox="0 0 36 36">
313:                  
     <polygon 
class="tooth-surface" 
class:filled={hasCondi
tion(tooth)} 
points="12,12 24,12 
18,2" />
18:21:41 
[vite-plugin-svelte] D
:/oratio/src/routes/do
kter/[encounterId]/+pa
ge.svelte:324:9 A11y: 
visible, 
non-interactive 
elements with an 
on:click event must 
be accompanied by a 
keyboard event 
handler. Consider 
whether an 
interactive element 
such as <button 
type="button"> or <a> 
might be more 
appropriate. See https
://svelte.dev/docs/acc
essibility-warnings#a1
1y-click-events-have-k
ey-events for more 
details.
322:                 
<div style="width: 
2px; background: 
var(--gray-400); 
margin: 0 var(--space-
2);"></div>
323:                 
{#each PERMANENT_TEETH
.lower_left as tooth}
324:                  
 <div 
class="tooth-wrapper" 
class:selected={select
edTeeth.has(tooth)} 
on:click={(e) => handl
eToothClick(tooth, 
e)}>
                      
 ^
325:                  
   <svg 
class="tooth-svg" 
viewBox="0 0 36 36">
326:                  
     <polygon 
class="tooth-surface" 
class:filled={hasCondi
tion(tooth)} 
points="12,12 24,12 
18,2" />
18:21:41 
[vite-plugin-svelte] D
:/oratio/src/routes/do
kter/[encounterId]/+pa
ge.svelte:324:9 A11y: 
<div> with click 
handler must have an 
ARIA role
322:                 
<div style="width: 
2px; background: 
var(--gray-400); 
margin: 0 var(--space-
2);"></div>
323:                 
{#each PERMANENT_TEETH
.lower_left as tooth}
324:                  
 <div 
class="tooth-wrapper" 
class:selected={select
edTeeth.has(tooth)} 
on:click={(e) => handl
eToothClick(tooth, 
e)}>
                      
 ^
325:                  
   <svg 
class="tooth-svg" 
viewBox="0 0 36 36">
326:                  
     <polygon 
class="tooth-surface" 
class:filled={hasCondi
tion(tooth)} 
points="12,12 24,12 
18,2" />
18:21:41 
[vite-plugin-svelte] D
:/oratio/src/routes/do
kter/[encounterId]/+pa
ge.svelte:342:8 A11y: 
A form label must be 
associated with a 
control.
340:             <div 
class="form-row mt-4">
341:               
<div 
class="form-group">
342:                 
<label class="form-lab
el">Occlusi</label>
                     ^
343:                 
<input 
class="form-input" bin
d:value={odontogram.oc
clusi} />
344:               
</div>
18:21:41 
[vite-plugin-svelte] D
:/oratio/src/routes/do
kter/[encounterId]/+pa
ge.svelte:346:8 A11y: 
A form label must be 
associated with a 
control.
344:               
</div>
345:               
<div 
class="form-group">
346:                 
<label class="form-lab
el">Torus</label>
                     ^
347:                 
<input 
class="form-input" bin
d:value={odontogram.to
rus} />
348:               
</div>
18:21:41 
[vite-plugin-svelte] D
:/oratio/src/routes/do
kter/[encounterId]/+pa
ge.svelte:350:8 A11y: 
A form label must be 
associated with a 
control.
348:               
</div>
349:               
<div 
class="form-group">
350:                 
<label class="form-lab
el">Palatum</label>
                     ^
351:                 
<input 
class="form-input" bin
d:value={odontogram.pa
latum} />
352:               
</div>
18:21:41 
[vite-plugin-svelte] D
:/oratio/src/routes/do
kter/[encounterId]/+pa
ge.svelte:361:8 A11y: 
A form label must be 
associated with a 
control.
359:               
</div>
360:               
<div 
class="form-group">
361:                 
<label class="form-lab
el">Anomali</label>
                     ^
362:                 
<input 
class="form-input" bin
d:value={odontogram.an
omali} />
363:               
</div>
18:21:41 
[vite-plugin-svelte] D
:/oratio/src/routes/do
kter/[encounterId]/+pa
ge.svelte:537:3 A11y: 
A form label must be 
associated with a 
control.
535:   <div 
class="form-row">
536:     <div 
class="form-group">
537:       <label clas
s="form-label">Permuka
an</label>
           ^
538:       <div 
class="flex gap-2">
539:         {#each 
TOOTH_SURFACES as s}
18:21:41 
[vite-plugin-svelte] D
:/oratio/src/routes/do
kter/[encounterId]/+pa
ge.svelte:558:3 A11y: 
A form label must be 
associated with a 
control.
556:   <div 
class="form-row mt-4">
557:     <div 
class="form-group">
558:       <label clas
s="form-label">Keadaan
</label>
           ^
559:       <input 
class="form-input" bin
d:value={toothDetail.k
eadaan} 
placeholder="Kondisi 
gigi" />
560:     </div>
18:21:41 
[vite-plugin-svelte] D
:/oratio/src/routes/do
kter/[encounterId]/+pa
ge.svelte:562:3 A11y: 
A form label must be 
associated with a 
control.
560:     </div>
561:     <div 
class="form-group">
562:       <label clas
s="form-label">Restora
si</label>
           ^
563:       <input 
class="form-input" bin
d:value={toothDetail.r
estorasi} 
placeholder="Jenis 
restorasi" />
564:     </div>
18:21:41 
[vite-plugin-svelte] D
:/oratio/src/routes/do
kter/[encounterId]/+pa
ge.svelte:568:3 A11y: 
A form label must be 
associated with a 
control.
566:   <div 
class="form-row mt-4">
567:     <div 
class="form-group">
568:       <label clas
s="form-label">Diagnos
a (ICD-10)</label>
           ^
569:       <input 
class="form-input" bin
d:value={toothDetail.d
iagnosis_code} 
placeholder="Kode" />
570:       <input 
class="form-input 
mt-2" bind:value={toot
hDetail.diagnosis_disp
lay} placeholder="Desk
ripsi" />
18:21:41 
[vite-plugin-svelte] D
:/oratio/src/routes/do
kter/[encounterId]/+pa
ge.svelte:573:3 A11y: 
A form label must be 
associated with a 
control.
571:     </div>
572:     <div 
class="form-group">
573:       <label clas
s="form-label">Tindaka
n (ICD-9-CM)</label>
           ^
574:       <input 
class="form-input" bin
d:value={toothDetail.p
rocedure_code} 
placeholder="Kode" />
575:       <input 
class="form-input 
mt-2" bind:value={toot
hDetail.procedure_disp
lay} placeholder="Desk
ripsi" />
18:21:41 
[vite-plugin-svelte] D
:/oratio/src/routes/do
kter/[encounterId]/+pa
ge.svelte:11:12 Page 
has unused export 
property 'data'. If 
it is for external 
reference only, 
please consider using 
`export const data`
 9:   import { 
addToast } from '$lib/
stores/toast.js';
10: 
11:   export let data;
                 ^
12: 
13:   const 
encounterId = $page.pa
rams.encounterId;
18:21:42 
[vite-plugin-svelte] D
:/oratio/src/routes/ka
sir/existing-patient/+
page.svelte:129:6 
A11y: A form label 
must be associated 
with a control.
127:         <div 
class="form-row">
128:           <div 
class="form-group">
129:             
<label class="form-lab
el">Kode Dokter <span 
class="required">*</sp
an></label>
                 ^
130:             
<select 
class="form-select" 
bind:value={doctorId} 
required>
131:               
<option value="">-- 
Pilih Dokter 
(On-Shift Hari Ini) 
--</option>
18:21:42 
[vite-plugin-svelte] D
:/oratio/src/routes/ka
sir/existing-patient/+
page.svelte:138:6 
A11y: A form label 
must be associated 
with a control.
136:           </div>
137:           <div 
class="form-group">
138:             
<label class="form-lab
el">Sumber 
Rujukan</label>
                 ^
139:             
<input 
class="form-input" bin
d:value={referralSourc
e} placeholder="Opsion
al" />
140:           </div>
18:21:42 
[vite-plugin-svelte] D
:/oratio/src/routes/ka
sir/new-patient/+page.
svelte:156:5 A11y: A 
form label must be 
associated with a 
control.
154:       <div 
class="form-row">
155:         <div 
class="form-group">
156:           <label 
class="form-label">NIK
 <span class="required
">*</span></label>
               ^
157:           <input 
class="form-input" cla
ss:error={errors.nik} 
bind:value={form.nik} 
maxlength="16" 
placeholder="16 digit 
NIK" />
158:           {#if 
errors.nik}<span class
="form-error">{errors.
nik}</span>{/if}
18:21:42 
[vite-plugin-svelte] D
:/oratio/src/routes/ka
sir/new-patient/+page.
svelte:161:5 A11y: A 
form label must be 
associated with a 
control.
159:         </div>
160:         <div 
class="form-group">
161:           <label 
class="form-label">Nam
a Lengkap <span class=
"required">*</span></l
abel>
               ^
162:           <input 
class="form-input" cla
ss:error={errors.nama_
lengkap} bind:value={f
orm.nama_lengkap} />
163:           {#if er
rors.nama_lengkap}<spa
n class="form-error">{
errors.nama_lengkap}</
span>{/if}
18:21:42 
[vite-plugin-svelte] D
:/oratio/src/routes/ka
sir/new-patient/+page.
svelte:168:5 A11y: A 
form label must be 
associated with a 
control.
166:       <div 
class="form-row mt-4">
167:         <div 
class="form-group">
168:           <label 
class="form-label">Tan
ggal Lahir <span class
="required">*</span></
label>
               ^
169:           <input 
type="date" 
class="form-input" cla
ss:error={errors.birth
_date} bind:value={for
m.birth_date} />
170:           {#if er
rors.birth_date}<span 
class="form-error">{er
rors.birth_date}</span
>{/if}
18:21:42 
[vite-plugin-svelte] D
:/oratio/src/routes/ka
sir/new-patient/+page.
svelte:173:5 A11y: A 
form label must be 
associated with a 
control.
171:         </div>
172:         <div 
class="form-group">
173:           <label 
class="form-label">Tem
pat Lahir</label>
               ^
174:           <input 
class="form-input" bin
d:value={form.birthpla
ce} />
175:         </div>
18:21:42 
[vite-plugin-svelte] D
:/oratio/src/routes/ka
sir/new-patient/+page.
svelte:177:5 A11y: A 
form label must be 
associated with a 
control.
175:         </div>
176:         <div 
class="form-group">
177:           <label 
class="form-label">Jen
is Kelamin <span class
="required">*</span></
label>
               ^
178:           
<select 
class="form-select" bi
nd:value={form.gender}
>
179:             
<option value="male">L
aki-laki</option>
18:21:42 
[vite-plugin-svelte] D
:/oratio/src/routes/ka
sir/new-patient/+page.
svelte:186:5 A11y: A 
form label must be 
associated with a 
control.
184:       <div 
class="form-row mt-4">
185:         <div 
class="form-group">
186:           <label 
class="form-label">Nom
or KK</label>
               ^
187:           <input 
class="form-input" bin
d:value={form.nomor_kk
} maxlength="16" />
188:         </div>
18:21:42 
[vite-plugin-svelte] D
:/oratio/src/routes/ka
sir/new-patient/+page.
svelte:190:5 A11y: A 
form label must be 
associated with a 
control.
188:         </div>
189:         <div 
class="form-group">
190:           <label 
class="form-label">Sta
tus Perkawinan</label>
               ^
191:           
<select 
class="form-select" bi
nd:value={form.marital
_status}>
192:             
<option 
value="S">Belum 
Menikah</option>
18:21:42 
[vite-plugin-svelte] D
:/oratio/src/routes/ka
sir/new-patient/+page.
svelte:199:5 A11y: A 
form label must be 
associated with a 
control.
197:         </div>
198:         <div 
class="form-group">
199:           <label 
class="form-label">Kew
arganegaraan</label>
               ^
200:           
<select 
class="form-select" bi
nd:value={form.citizen
ship}>
201:             
<option value="WNI">WN
I</option>
18:21:42 
[vite-plugin-svelte] D
:/oratio/src/routes/ka
sir/new-patient/+page.
svelte:212:4 A11y: A 
form label must be 
associated with a 
control.
210:       <h3 
class="card-title 
mb-4">≡ƒôì Alamat</h3>
211:       <div 
class="form-group">
212:         <label cl
ass="form-label">Alama
t Lengkap <span class=
"required">*</span></l
abel>
             ^
213:         
<textarea 
class="form-textarea" 
class:error={errors.ad
dress} bind:value={for
m.address} 
rows="2"></textarea>
214:         {#if 
errors.address}<span c
lass="form-error">{err
ors.address}</span>{/i
f}
18:21:42 
[vite-plugin-svelte] D
:/oratio/src/routes/ka
sir/new-patient/+page.
svelte:218:5 A11y: A 
form label must be 
associated with a 
control.
216:       <div 
class="form-row mt-4">
217:         <div 
class="form-group">
218:           <label 
class="form-label">Pro
vinsi</label>
               ^
219:           <input 
class="form-input" bin
d:value={form.province
} />
220:         </div>
18:21:42 
[vite-plugin-svelte] D
:/oratio/src/routes/ka
sir/new-patient/+page.
svelte:222:5 A11y: A 
form label must be 
associated with a 
control.
220:         </div>
221:         <div 
class="form-group">
222:           <label 
class="form-label">Kot
a/Kabupaten</label>
               ^
223:           <input 
class="form-input" bin
d:value={form.city} />
224:         </div>
18:21:42 
[vite-plugin-svelte] D
:/oratio/src/routes/ka
sir/new-patient/+page.
svelte:226:5 A11y: A 
form label must be 
associated with a 
control.
224:         </div>
225:         <div 
class="form-group">
226:           <label 
class="form-label">Kec
amatan</label>
               ^
227:           <input 
class="form-input" bin
d:value={form.district
} />
228:         </div>
18:21:42 
[vite-plugin-svelte] D
:/oratio/src/routes/ka
sir/new-patient/+page.
svelte:232:5 A11y: A 
form label must be 
associated with a 
control.
230:       <div 
class="form-row mt-4">
231:         <div 
class="form-group">
232:           <label 
class="form-label">Kel
urahan/Desa</label>
               ^
233:           <input 
class="form-input" bin
d:value={form.village}
 />
234:         </div>
18:21:42 
[vite-plugin-svelte] D
:/oratio/src/routes/ka
sir/new-patient/+page.
svelte:236:5 A11y: A 
form label must be 
associated with a 
control.
234:         </div>
235:         <div 
class="form-group">
236:           <label 
class="form-label">RT<
/label>
               ^
237:           <input 
class="form-input" 
bind:value={form.rt} 
maxlength="5" />
238:         </div>
18:21:42 
[vite-plugin-svelte] D
:/oratio/src/routes/ka
sir/new-patient/+page.
svelte:240:5 A11y: A 
form label must be 
associated with a 
control.
238:         </div>
239:         <div 
class="form-group">
240:           <label 
class="form-label">RW<
/label>
               ^
241:           <input 
class="form-input" 
bind:value={form.rw} 
maxlength="5" />
242:         </div>
18:21:42 
[vite-plugin-svelte] D
:/oratio/src/routes/ka
sir/new-patient/+page.
svelte:251:5 A11y: A 
form label must be 
associated with a 
control.
249:       <div 
class="form-row">
250:         <div 
class="form-group">
251:           <label 
class="form-label">Han
dphone</label>
               ^
252:           <input 
class="form-input" bin
d:value={form.handphon
e} placeholder="08xx-x
xxx-xxxx" />
253:           {#if er
rors.handphone}<span c
lass="form-error">{err
ors.handphone}</span>{
/if}
18:21:42 
[vite-plugin-svelte] D
:/oratio/src/routes/ka
sir/new-patient/+page.
svelte:256:5 A11y: A 
form label must be 
associated with a 
control.
254:         </div>
255:         <div 
class="form-group">
256:           <label 
class="form-label">Ema
il</label>
               ^
257:           <input 
type="email" 
class="form-input" bin
d:value={form.email} 
/>
258:           {#if 
errors.email}<span cla
ss="form-error">{error
s.email}</span>{/if}
18:21:42 
[vite-plugin-svelte] D
:/oratio/src/routes/ka
sir/new-patient/+page.
svelte:263:5 A11y: A 
form label must be 
associated with a 
control.
261:       <div 
class="form-row mt-4">
262:         <div 
class="form-group">
263:           <label 
class="form-label">Gol
ongan Darah <span clas
s="required">*</span><
/label>
               ^
264:           
<select 
class="form-select" cl
ass:error={errors.bloo
d_type} bind:value={fo
rm.blood_type}>
265:             
<option value="">-- 
Pilih --</option>
18:21:42 
[vite-plugin-svelte] D
:/oratio/src/routes/ka
sir/new-patient/+page.
svelte:273:5 A11y: A 
form label must be 
associated with a 
control.
271:         </div>
272:         <div 
class="form-group">
273:           <label 
class="form-label">Rhe
sus</label>
               ^
274:           
<select 
class="form-select" bi
nd:value={form.rhesus}
>
275:             
<option 
value="+">Positif 
(+)</option>
18:21:42 
[vite-plugin-svelte] D
:/oratio/src/routes/ka
sir/new-patient/+page.
svelte:280:5 A11y: A 
form label must be 
associated with a 
control.
278:         </div>
279:         <div 
class="form-group">
280:           <label 
class="form-label">Sta
tus Kehamilan</label>
               ^
281:           
<select 
class="form-select" bi
nd:value={form.pregnan
cy_status}>
282:             
<option value={false}>
Tidak</option>
18:21:42 
[vite-plugin-svelte] D
:/oratio/src/routes/ka
sir/new-patient/+page.
svelte:289:5 A11y: A 
form label must be 
associated with a 
control.
287:       <div 
class="form-row mt-4">
288:         <div 
class="form-group">
289:           <label 
class="form-label">Tek
anan Darah</label>
               ^
290:           <input 
class="form-input" bin
d:value={form.tekanan_
darah} 
placeholder="120/80" 
/>
291:           {#if er
rors.tekanan_darah}<sp
an class="form-error">
{errors.tekanan_darah}
</span>{/if}
18:21:42 
[vite-plugin-svelte] D
:/oratio/src/routes/ka
sir/new-patient/+page.
svelte:301:5 A11y: A 
form label must be 
associated with a 
control.
299:       <div 
class="form-row">
300:         <div 
class="form-group">
301:           <label 
class="form-label">Kod
e Dokter <span class="
required">*</span></la
bel>
               ^
302:           
<select 
class="form-select" cl
ass:error={errors.doct
or_id} bind:value={for
m.doctor_id}>
303:             
<option value="">-- 
Pilih Dokter 
(On-Shift Hari Ini) 
--</option>
18:21:42 
[vite-plugin-svelte] D
:/oratio/src/routes/ka
sir/payment/+page.svel
te:117:3 A11y: A form 
label must be 
associated with a 
control.
115: 
116:     <div 
class="form-group">
117:       <label clas
s="form-label">Pilih 
Encounter (Status: 
Discharged)</label>
           ^
118:       <select 
class="form-select" bi
nd:value={selectedEnco
unterId} on:change={lo
adEncounterDetail}>
119:         <option 
value="">-- Pilih 
Encounter --</option>
18:21:42 
[vite-plugin-svelte] D
:/oratio/src/routes/ka
sir/payment/+page.svel
te:168:6 A11y: A form 
label must be 
associated with a 
control.
166:         <div 
class="form-row">
167:           <div 
class="form-group">
168:             
<label class="form-lab
el">Mode 
Pembayaran</label>
                 ^
169:             
<select 
class="form-select" bi
nd:value={paymentMode}
>
170:               
<option value="NORMAL"
>Normal</option>
18:21:42 
[vite-plugin-svelte] D
:/oratio/src/routes/ka
sir/payment/+page.svel
te:175:6 A11y: A form 
label must be 
associated with a 
control.
173:           </div>
174:           <div 
class="form-group">
175:             
<label class="form-lab
el">Tipe Pembayaran 
<span class="required"
>*</span></label>
                 ^
176:             
<select 
class="form-select" bi
nd:value={paymentType}
>
177:               
<option value="">-- 
Pilih --</option>
18:21:42 
[vite-plugin-svelte] D
:/oratio/src/routes/ka
sir/payment/+page.svel
te:187:6 A11y: A form 
label must be 
associated with a 
control.
185:         {#if 
showCardNumber}
186:           <div 
class="form-group 
mt-4">
187:             
<label class="form-lab
el">Nomor 
Kartu</label>
                 ^
188:             
<input 
class="form-input" bin
d:value={cardNumber} 
placeholder="Masukkan 
nomor kartu" />
189:           </div>
18:21:42 
[vite-plugin-svelte] D
:/oratio/src/routes/ka
sir/payment/+page.svel
te:194:6 A11y: A form 
label must be 
associated with a 
control.
192:         <div 
class="form-row mt-4">
193:           <div 
class="form-group">
194:             
<label class="form-lab
el">Tipe 
Diskon</label>
                 ^
195:             
<select 
class="form-select" bi
nd:value={discountType
}>
196:               
<option value="percent
">Persen (%)</option>
18:21:42 
[vite-plugin-svelte] D
:/oratio/src/routes/ka
sir/payment/+page.svel
te:201:6 A11y: A form 
label must be 
associated with a 
control.
199:           </div>
200:           <div 
class="form-group">
201:             
<label class="form-lab
el">Nilai 
Diskon</label>
                 ^
202:             
<input type="number" 
class="form-input" bin
d:value={discountValue
} min="0" />
203:           </div>
18:21:42 
[vite-plugin-svelte] D
:/oratio/src/routes/ka
sir/payment/+page.svel
te:207:5 A11y: A form 
label must be 
associated with a 
control.
205: 
206:         <div 
class="form-group 
mt-4">
207:           <label 
class="form-label">Cat
atan</label>
               ^
208:           
<textarea 
class="form-textarea" 
bind:value={note} 
rows="2"></textarea>
209:         </div>
[32mΓ£ô[39m 42 modules transformed.
[32mΓ£ô built in 1.06s[39m
[31mCould not 
resolve "../app.css" 
from "src/routes/admin
/+layout.svelte"[39m
file: [36mD:/oratio/s
rc/routes/admin/+layou
t.svelte[39m
[31merror during 
build:
RollupError: Could 
not resolve 
"../app.css" from "src
/routes/admin/+layout.
svelte"
    at error (file:///
D:/oratio/node_modules
/rollup/dist/es/shared
/node-entry.js:2287:30
)
    at ModuleLoader.ha
ndleInvalidResolvedId 
(file:///D:/oratio/nod
e_modules/rollup/dist/
es/shared/node-entry.j
s:24889:24)
    at file:///D:/orat
io/node_modules/rollup
/dist/es/shared/node-e
ntry.js:24851:26[39m
